>>> print_square = __import__('4-print_square').print_square


#test with "normal" parameters

>>> print_square(4)
####
####
####
####

#test with parameter not an int

>>> print_square("word")
Traceback (most recent call last):
...
TypeError: size must be an integer


#test with 2 parameters

>>> print_square(2, 3)
Traceback (most recent call last):
...
TypeError: print_square() takes 1 positional argument but 2 were given

#test with 0 parameters

>>> print_square()
Traceback (most recent call last):
...
TypeError: print_square() missing 1 required positional argument: 'size'

#test with size < 0

>>> print_square(-2)
Traceback (most recent call last):
...
ValueError: size must be >= 0
